[blackbb.netlify.app/light/index.html]
[blackbb.netlify.app/light/assets/img/logo-32x32.png]
[blackbb.netlify.app/light/assets/img/logo-192x192.png]
[backblue.gif]
[fade.gif]
[index.html]
[blackbb.netlify.app/light/assets/css/style.css]
[blackbb.netlify.app/light/assets/img/logo-light.png]
[blackbb.netlify.app/light/assets/img/logo.png]
[blackbb.netlify.app/light/business.html]
[blackbb.netlify.app/light/architecture.html]
[blackbb.netlify.app/light/personal.html]
[blackbb.netlify.app/light/photographer.html]
[blackbb.netlify.app/light/resume.html]
[blackbb.netlify.app/light/metro-portfolio-1.html]
[blackbb.netlify.app/light/metro-portfolio-2.html]
[blackbb.netlify.app/light/carousel-portfolio-1.html]
[blackbb.netlify.app/light/carousel-portfolio-2.html]
[blackbb.netlify.app/light/carousel-portfolio-3.html]
[blackbb.netlify.app/light/fullscreen-distortion-horizontal.html]
[blackbb.netlify.app/light/fullscreen-distortion-vertical.html]
[blackbb.netlify.app/light/fullscreen-parallax-horizontal.html]
[blackbb.netlify.app/light/fullscreen-parallax-vertical.html]
[blackbb.netlify.app/light/padding-distortion-horizontal.html]
[blackbb.netlify.app/light/padding-distortion-vertical.html]
[blackbb.netlify.app/light/padding-parallax-horizontal.16.delayed]
[blackbb.netlify.app/light/padding-parallax-vertical.17.delayed]
[blackbb.netlify.app/light/half-distortion-horizontal.html]
[blackbb.netlify.app/light/half-distortion-vertical.html]
[blackbb.netlify.app/light/half-parallax-horizontal.html]
[blackbb.netlify.app/light/half-parallax-vertical.html]
[blackbb.netlify.app/light/work-card-1.html]
[blackbb.netlify.app/light/work-card-2.html]
[blackbb.netlify.app/light/work-classic-1.html]
[blackbb.netlify.app/light/work-classic-2.html]
[blackbb.netlify.app/light/work-list-1.html]
[blackbb.netlify.app/light/work-list-2.html]
[blackbb.netlify.app/light/project-1.html]
[blackbb.netlify.app/light/project-2.html]
[blackbb.netlify.app/light/project-3.html]
[blackbb.netlify.app/light/project-4.html]
[blackbb.netlify.app/light/project-5.html]
[blackbb.netlify.app/light/project-6.html]
[blackbb.netlify.app/light/stories.html]
[blackbb.netlify.app/light/single-post.html]
[blackbb.netlify.app/light/service.html]
[blackbb.netlify.app/light/about-us.html]
[blackbb.netlify.app/light/contact.html]
[blackbb.netlify.app/light/assets/img/portfolio/project6/1.jpg]
[blackbb.netlify.app/light/assets/img/portfolio/project5/1.jpg]
[blackbb.netlify.app/light/assets/img/portfolio/project4/1.jpg]
[blackbb.netlify.app/light/assets/img/portfolio/project3/1.jpg]
[blackbb.netlify.app/light/assets/img/portfolio/project2/1.jpg]
[blackbb.netlify.app/light/assets/img/portfolio/project1/1.jpg]
[blackbb.netlify.app/light/assets/img/about-1.jpg]
[blackbb.netlify.app/light/assets/img/about-2.jpg]
[blackbb.netlify.app/light/assets/img/about-3.jpg]
[blackbb.netlify.app/light/work-col-3.36.delayed]
[blackbb.netlify.app/light/assets/img/about-4.jpg]
[blackbb.netlify.app/light/assets/img/team/1.jpg]
[blackbb.netlify.app/light/assets/img/team/2.jpg]
[blackbb.netlify.app/light/assets/img/team/3.jpg]
[blackbb.netlify.app/light/assets/img/team/4.jpg]
[blackbb.netlify.app/light/assets/img/blog/1.jpg]
[blackbb.netlify.app/light/assets/img/blog/2.jpg]
[blackbb.netlify.app/light/assets/img/blog/3.jpg]
[blackbb.netlify.app/light/assets/img/brand/1.svg]
[blackbb.netlify.app/light/assets/img/brand/2.svg]
[blackbb.netlify.app/light/assets/img/brand/3.svg]
[blackbb.netlify.app/light/assets/img/brand/4.svg]
[blackbb.netlify.app/light/assets/img/brand/5.svg]
[blackbb.netlify.app/light/assets/img/brand/6.svg]
[blackbb.netlify.app/light/home.45.delayed]
[blackbb.netlify.app/light/assets/js/jquery-3.1.1.min.js]
[blackbb.netlify.app/light/assets/js/plugins/dsn-grid.min.js]
[blackbb.netlify.app/light/index.html]
[blackbb.netlify.app/light/assets/js/custom.js]
[blackbb.netlify.app/light/assets/js/plugins.min.js]
[blackbb.netlify.app/light/assets/css/plugins/fontawesome-all.min.css]
[blackbb.netlify.app/light/assets/css/plugins/swiper.min.css]
[blackbb.netlify.app/light/assets/css/plugins/jquery.animatedheadline.css]
[blackbb.netlify.app/light/assets/css/plugins/fancybox.css]
[blackbb.netlify.app/light/assets/css/plugins.css]
[blackbb.netlify.app/light/assets/css/global.css]
[blackbb.netlify.app/light/assets/img/bg-1.png]
[blackbb.netlify.app/light/assets/img/bg-dot.png]
[blackbb.netlify.app/light/assets/img/bg-dot-light.png]
[blackbb.netlify.app/light/assets/img/bg-2.svg]
[blackbb.netlify.app/light/assets/img/button-pattern.png]
[blackbb.netlify.app/light/assets/img/patterns.png]
[blackbb.netlify.app/light/assets/img/dots-dark.png]
[blackbb.netlify.app/light/assets/css/style.css]
[blackbb.netlify.app/light/business.html]
[blackbb.netlify.app/light/assets/img/architecture.jpg]
[blackbb.netlify.app/light/assets/img/arc1.jpg]
[blackbb.netlify.app/light/assets/img/arc2.jpg]
[blackbb.netlify.app/light/architecture.html]
[blackbb.netlify.app/light/assets/img/head-personal.jpg]
[blackbb.netlify.app/light/about.5b.delayed]
[blackbb.netlify.app/light/assets/img/p-1.jpg]
[blackbb.netlify.app/light/personal.html]
[blackbb.netlify.app/light/assets/img/photos.png]
[blackbb.netlify.app/light/assets/img/photo-1.jpg]
[blackbb.netlify.app/light/assets/img/photo-2.jpg]
[blackbb.netlify.app/light/assets/img/photo-3.jpg]
[blackbb.netlify.app/light/work-card-5.61.delayed]
[blackbb.netlify.app/light/assets/img/photo-4.jpg]
[blackbb.netlify.app/light/assets/img/photo-5.jpg]
[blackbb.netlify.app/light/photographer.html]
[blackbb.netlify.app/light/assets/img/personal.jpg]
[blackbb.netlify.app/light/assets/img/p1.jpg]
[blackbb.netlify.app/light/assets/img/p2.jpg]
[blackbb.netlify.app/light/resume.html]
[blackbb.netlify.app/light/metro-portfolio-1.html]
[blackbb.netlify.app/light/metro-portfolio-2.html]
[blackbb.netlify.app/light/carousel-portfolio-1.html]
[blackbb.netlify.app/light/carousel-portfolio-2.html]
[blackbb.netlify.app/light/carousel-portfolio-3.html]
[blackbb.netlify.app/light/fullscreen-distortion-horizontal.html]
[blackbb.netlify.app/light/fullscreen-distortion-vertical.html]
[blackbb.netlify.app/light/fullscreen-parallax-horizontal.html]
[blackbb.netlify.app/light/fullscreen-parallax-vertical.html]
[blackbb.netlify.app/light/padding-distortion-horizontal.html]
[blackbb.netlify.app/light/padding-distortion-vertical.html]
[blackbb.netlify.app/light/padding-parallax-horizontal.html]
[blackbb.netlify.app/light/padding-parallax-vertical.html]
[blackbb.netlify.app/light/half-distortion-horizontal.html]
[blackbb.netlify.app/light/half-distortion-vertical.html]
[blackbb.netlify.app/light/half-parallax-horizontal.html]
[blackbb.netlify.app/light/half-parallax-vertical.html]
[blackbb.netlify.app/light/work-card-1.html]
[blackbb.netlify.app/light/work-card-2.html]
[blackbb.netlify.app/light/work-classic-1.html]
[blackbb.netlify.app/light/work-classic-2.html]
[blackbb.netlify.app/light/work-list-1.html]
[blackbb.netlify.app/light/work-list-2.html]
[blackbb.netlify.app/light/assets/img/portfolio/project1/2.jpg]
[blackbb.netlify.app/light/assets/img/portfolio/project1/3.jpg]
[blackbb.netlify.app/light/assets/img/portfolio/project1/4.jpg]
[blackbb.netlify.app/light/project-1.html]
[blackbb.netlify.app/light/assets/img/portfolio/project2/2.jpg]
[blackbb.netlify.app/light/assets/img/portfolio/project2/3.jpg]
[blackbb.netlify.app/light/assets/img/portfolio/project2/4.jpg]
[blackbb.netlify.app/light/assets/img/portfolio/project2/5.jpg]
[blackbb.netlify.app/light/assets/img/portfolio/project2/6.jpg]
[blackbb.netlify.app/light/assets/img/portfolio/project2/7.jpg]
[blackbb.netlify.app/light/assets/img/portfolio/project2/8.jpg]
[blackbb.netlify.app/light/assets/img/portfolio/project2/9.jpg]
[blackbb.netlify.app/light/project-2.html]
[blackbb.netlify.app/light/assets/img/portfolio/project3/2.jpg]
[blackbb.netlify.app/light/assets/img/portfolio/project3/3.jpg]
[blackbb.netlify.app/light/assets/img/portfolio/project3/4.jpg]
[blackbb.netlify.app/light/assets/img/portfolio/project3/5.jpg]
[blackbb.netlify.app/light/assets/img/portfolio/project3/6.jpg]
[blackbb.netlify.app/light/assets/img/portfolio/project3/7.jpg]
[blackbb.netlify.app/light/assets/img/portfolio/project3/8.jpg]
[blackbb.netlify.app/light/project-3.html]
[blackbb.netlify.app/light/assets/img/portfolio/project4/2.jpg]
[blackbb.netlify.app/light/assets/img/portfolio/project4/3.jpg]
[blackbb.netlify.app/light/assets/img/portfolio/project4/4.jpg]
[blackbb.netlify.app/light/assets/img/portfolio/project4/5.jpg]
[blackbb.netlify.app/light/assets/img/portfolio/project4/6.jpg]
[blackbb.netlify.app/light/assets/img/portfolio/project4/7.jpg]
[blackbb.netlify.app/light/assets/img/portfolio/project4/8.jpg]
[blackbb.netlify.app/light/assets/img/portfolio/project4/9.jpg]
[blackbb.netlify.app/light/assets/img/portfolio/project4/10.jpg]
[blackbb.netlify.app/light/project-4.html]
[blackbb.netlify.app/light/assets/img/portfolio/project5/2.jpg]
[blackbb.netlify.app/light/assets/img/portfolio/project5/3.jpg]
[blackbb.netlify.app/light/assets/img/portfolio/project5/4.jpg]
[blackbb.netlify.app/light/assets/img/portfolio/project5/5.jpg]
[blackbb.netlify.app/light/project-5.html]
[blackbb.netlify.app/light/assets/img/portfolio/project6/2.gif]
[blackbb.netlify.app/light/assets/img/portfolio/project6/3.jpg]
[blackbb.netlify.app/light/assets/img/portfolio/project6/4.jpg]
[blackbb.netlify.app/light/assets/img/portfolio/project6/7.jpg]
[blackbb.netlify.app/light/assets/img/portfolio/project6/5.jpg]
[blackbb.netlify.app/light/assets/img/portfolio/project6/6.jpg]
[blackbb.netlify.app/light/project-6.html]
[blackbb.netlify.app/light/single.8d.delayed]
[blackbb.netlify.app/light/stories.html]
[blackbb.netlify.app/light/single-post.html]
[blackbb.netlify.app/light/assets/img/s1.jpg]
[blackbb.netlify.app/light/assets/img/s2.jpg]
[blackbb.netlify.app/light/service.html]
[blackbb.netlify.app/light/assets/img/about-5.jpg]
[blackbb.netlify.app/light/about-us.html]
[blackbb.netlify.app/light/contact.html]
[blackbb.netlify.app/light/work-col-3.html]
[blackbb.netlify.app/light/assets/img/brand/1.svg]
[blackbb.netlify.app/light/assets/img/brand/2.svg]
[blackbb.netlify.app/light/assets/img/brand/3.svg]
[blackbb.netlify.app/light/assets/img/brand/4.svg]
[blackbb.netlify.app/light/assets/img/brand/5.svg]
[blackbb.netlify.app/light/assets/img/brand/6.svg]
[blackbb.netlify.app/light/home.html]
[blackbb.netlify.app/light/assets/fonts/fa-brands-400.91.delayed]
[blackbb.netlify.app/light/assets/fonts/fa-brands-400.92d41d.delayed]
[blackbb.netlify.app/light/assets/fonts/fa-brands-400.woff2]
[blackbb.netlify.app/light/assets/fonts/fa-brands-400.woff]
[blackbb.netlify.app/light/assets/fonts/fa-brands-400.95.delayed]
[blackbb.netlify.app/light/assets/fonts/fa-brands-400.96.delayed]
[blackbb.netlify.app/light/assets/fonts/fa-regular-400.97.delayed]
[blackbb.netlify.app/light/assets/fonts/fa-regular-400.98d41d.delayed]
[blackbb.netlify.app/light/assets/fonts/fa-regular-400.woff2]
[blackbb.netlify.app/light/assets/fonts/fa-regular-400.woff]
[blackbb.netlify.app/light/assets/fonts/fa-regular-400.9b.delayed]
[blackbb.netlify.app/light/assets/fonts/fa-regular-400.9c.delayed]
[blackbb.netlify.app/light/assets/fonts/fa-solid-900.9d.delayed]
[blackbb.netlify.app/light/assets/fonts/fa-solid-900.9ed41d.delayed]
[blackbb.netlify.app/light/assets/fonts/fa-solid-900.woff2]
[blackbb.netlify.app/light/assets/fonts/fa-solid-900.woff]
[blackbb.netlify.app/light/assets/fonts/fa-solid-900.a1.delayed]
[blackbb.netlify.app/light/assets/fonts/fa-solid-900.a2.delayed]
[blackbb.netlify.app/light/assets/css/plugins/fontawesome-all.min.css]
[blackbb.netlify.app/light/assets/css/plugins/swiper.min.css]
[blackbb.netlify.app/light/assets/css/plugins/jquery.animatedheadline.css]
[blackbb.netlify.app/light/assets/css/plugins/fancybox.css]
[blackbb.netlify.app/light/assets/css/plugins/fjGallery.css]
[blackbb.netlify.app/light/assets/css/fonts/pxiEyp8kv8JHgFVrJJbecmNE.woff2]
[blackbb.netlify.app/light/assets/css/fonts/pxiEyp8kv8JHgFVrJJnecmNE.woff2]
[blackbb.netlify.app/light/assets/css/fonts/pxiEyp8kv8JHgFVrJJfecg.woff2]
[blackbb.netlify.app/light/assets/css/fonts/pxiByp8kv8JHgFVrLGT9Z11lFc-K.woff2]
[blackbb.netlify.app/light/assets/css/fonts/pxiByp8kv8JHgFVrLGT9Z1JlFc-K.woff2]
[blackbb.netlify.app/light/assets/css/fonts/pxiByp8kv8JHgFVrLGT9Z1xlFQ.woff2]
[blackbb.netlify.app/light/assets/css/fonts/pxiByp8kv8JHgFVrLEj6Z11lFc-K.woff2]
[blackbb.netlify.app/light/assets/css/fonts/pxiByp8kv8JHgFVrLEj6Z1JlFc-K.woff2]
[blackbb.netlify.app/light/assets/css/fonts/pxiByp8kv8JHgFVrLEj6Z1xlFQ.woff2]
[blackbb.netlify.app/light/assets/css/fonts/pxiByp8kv8JHgFVrLCz7Z11lFc-K.woff2]
[blackbb.netlify.app/light/assets/css/fonts/pxiByp8kv8JHgFVrLCz7Z1JlFc-K.woff2]
[blackbb.netlify.app/light/assets/css/fonts/pxiByp8kv8JHgFVrLCz7Z1xlFQ.woff2]
[blackbb.netlify.app/light/assets/css/fonts/WVXGRJSIWZMMU3GMCECSMS25K4A7IYJ6.woff2]
[blackbb.netlify.app/light/assets/css/fonts/WVXGRJSIWZMMU3GMCECSMS25K4A7IYJ6.woff]
[blackbb.netlify.app/light/assets/css/fonts/WVXGRJSIWZMMU3GMCECSMS25K4A7IYJ6.ttf]
[blackbb.netlify.app/light/assets/css/fonts/XC2TPU77ZSIZ763MAC5VJ3UR5CFCFBES.woff2]
[blackbb.netlify.app/light/assets/css/fonts/XC2TPU77ZSIZ763MAC5VJ3UR5CFCFBES.woff]
[blackbb.netlify.app/light/assets/css/fonts/XC2TPU77ZSIZ763MAC5VJ3UR5CFCFBES.ttf]
[blackbb.netlify.app/light/assets/css/fonts/AIIHF6VP5NXQLXGRHLAA7UNZ4UCMUEE7.woff2]
[blackbb.netlify.app/light/assets/css/fonts/AIIHF6VP5NXQLXGRHLAA7UNZ4UCMUEE7.woff]
[blackbb.netlify.app/light/assets/css/fonts/AIIHF6VP5NXQLXGRHLAA7UNZ4UCMUEE7.ttf]
[blackbb.netlify.app/light/assets/css/fonts/6SKIM7MFNDCQT6WO2N4KWOESBLYOY2XU.woff2]
[blackbb.netlify.app/light/assets/css/fonts/6SKIM7MFNDCQT6WO2N4KWOESBLYOY2XU.ttf]
[blackbb.netlify.app/light/assets/css/fonts/6SKIM7MFNDCQT6WO2N4KWOESBLYOY2XU.woff]
[blackbb.netlify.app/light/assets/css/fonts/X2THLDOFEBLY3EKHLTXTZUTM5NBVJJHA.woff2]
[blackbb.netlify.app/light/assets/css/fonts/X2THLDOFEBLY3EKHLTXTZUTM5NBVJJHA.woff]
[blackbb.netlify.app/light/assets/css/fonts/X2THLDOFEBLY3EKHLTXTZUTM5NBVJJHA.ttf]
[blackbb.netlify.app/light/assets/css/fonts/WHAJCIXXU77AIAKKE25O64UOKO42ULKP.woff2]
[blackbb.netlify.app/light/assets/css/fonts/WHAJCIXXU77AIAKKE25O64UOKO42ULKP.woff]
[blackbb.netlify.app/light/assets/css/fonts/WHAJCIXXU77AIAKKE25O64UOKO42ULKP.ttf]
[blackbb.netlify.app/light/assets/css/global.css]
[blackbb.netlify.app/light/assets/img/bg-2.svg]
[blackbb.netlify.app/light/about.html]
[blackbb.netlify.app/light/work-card-5.html]
[dsngrid.com/blackdsn/wp-content/uploads/sites/11/2022/08/3-1.html]
[blackbb.netlify.app/light/single.html]
[blackbb.netlify.app/light/assets/fonts/fa-brands-400.html]
[blackbb.netlify.app/light/assets/fonts/fa-brands-400d41d.html]
[blackbb.netlify.app/light/assets/fonts/fa-brands-401.html]
[blackbb.netlify.app/light/assets/fonts/fa-brands-402.html]
[blackbb.netlify.app/light/assets/fonts/fa-regular-400.html]
[blackbb.netlify.app/light/assets/fonts/fa-regular-400d41d.html]
[blackbb.netlify.app/light/assets/fonts/fa-regular-401.html]
[blackbb.netlify.app/light/assets/fonts/fa-regular-402.html]
[blackbb.netlify.app/light/assets/fonts/fa-solid-900.html]
[blackbb.netlify.app/light/assets/fonts/fa-solid-900d41d.html]
[blackbb.netlify.app/light/assets/fonts/fa-solid-901.html]
[blackbb.netlify.app/light/assets/fonts/fa-solid-902.html]
